interactions:
- request:
    body: ''
    headers:
      accept:
      - '*/*'
      accept-encoding:
      - gzip, deflate
      connection:
      - keep-alive
      user-agent:
      - python-httpx/0.27.0
    method: GET
    uri: http://localhost:8000/api/v1/functions/by_path/test/sdk/test_delete_function_by_id
  response:
    body:
      string: '{"detail":"Function not found"}'
    headers:
      content-length:
      - '31'
      content-type:
      - application/json
      date:
      - Mon, 18 Mar 2024 10:18:10 GMT
      server:
      - uvicorn
    status:
      code: 404
      message: Not Found
- request:
    body: '{"id": null, "path": "test/sdk/test_delete_function_by_id", "description":
      "Test function", "input_schema": null, "out_schema": null, "instructions": "Do
      something", "model": null, "index_ids": null, "use_semantic_search": null, "few_shot":
      null, "few_shot_count": null}'
    headers:
      accept:
      - '*/*'
      accept-encoding:
      - gzip, deflate
      connection:
      - keep-alive
      content-length:
      - '270'
      content-type:
      - application/json
      user-agent:
      - python-httpx/0.27.0
    method: POST
    uri: http://localhost:8000/api/v1/functions
  response:
    body:
      string: '{"id":9}'
    headers:
      content-length:
      - '8'
      content-type:
      - application/json
      date:
      - Mon, 18 Mar 2024 10:18:10 GMT
      server:
      - uvicorn
    status:
      code: 200
      message: OK
- request:
    body: ''
    headers:
      accept:
      - '*/*'
      accept-encoding:
      - gzip, deflate
      connection:
      - keep-alive
      user-agent:
      - python-httpx/0.27.0
    method: GET
    uri: http://localhost:8000/api/v1/functions/9
  response:
    body:
      string: '{"id":9,"path":"test/sdk/test_delete_function_by_id","description":"Test
        function","input_schema":null,"dataset_uuid":"18e8c247-6ffe-468b-91dc-126f67f264ba","out_schema":null,"instructions":"Do
        something","use_semantic_search":false,"few_shot":false,"few_shot_count":2,"revision":1,"org_id":1,"index_ids":[],"linked_functions_ids":[],"model":"azure/gpt4-eu","language_model_id":8}'
    headers:
      content-length:
      - '380'
      content-type:
      - application/json
      date:
      - Mon, 18 Mar 2024 10:18:10 GMT
      server:
      - uvicorn
    status:
      code: 200
      message: OK
- request:
    body: ''
    headers:
      accept:
      - '*/*'
      accept-encoding:
      - gzip, deflate
      connection:
      - keep-alive
      user-agent:
      - python-httpx/0.27.0
    method: GET
    uri: http://localhost:8000/api/v1/functions/9
  response:
    body:
      string: '{"id":9,"path":"test/sdk/test_delete_function_by_id","description":"Test
        function","input_schema":null,"dataset_uuid":"18e8c247-6ffe-468b-91dc-126f67f264ba","out_schema":null,"instructions":"Do
        something","use_semantic_search":false,"few_shot":false,"few_shot_count":2,"revision":1,"org_id":1,"index_ids":[],"linked_functions_ids":[],"model":"azure/gpt4-eu","language_model_id":8}'
    headers:
      content-length:
      - '380'
      content-type:
      - application/json
      date:
      - Mon, 18 Mar 2024 10:18:10 GMT
      server:
      - uvicorn
    status:
      code: 200
      message: OK
- request:
    body: ''
    headers:
      accept:
      - '*/*'
      accept-encoding:
      - gzip, deflate
      connection:
      - keep-alive
      user-agent:
      - python-httpx/0.27.0
    method: DELETE
    uri: http://localhost:8000/api/v1/functions/by_path/test/sdk/test_delete_function_by_id
  response:
    body:
      string: '{"detail":"Function and associated events deleted successfully"}'
    headers:
      content-length:
      - '64'
      content-type:
      - application/json
      date:
      - Mon, 18 Mar 2024 10:18:10 GMT
      server:
      - uvicorn
    status:
      code: 200
      message: OK
- request:
    body: ''
    headers:
      accept:
      - '*/*'
      accept-encoding:
      - gzip, deflate
      connection:
      - keep-alive
      user-agent:
      - python-httpx/0.27.0
    method: GET
    uri: http://localhost:8000/api/v1/functions/9
  response:
    body:
      string: '{"detail":"Function not found"}'
    headers:
      content-length:
      - '31'
      content-type:
      - application/json
      date:
      - Mon, 18 Mar 2024 10:18:10 GMT
      server:
      - uvicorn
    status:
      code: 404
      message: Not Found
version: 1
